// Vitest Snapshot v1, https://vitest.dev/guide/snapshot.html

exports[`test component ModalDeleteProduct > (snapshot) 1`] = `
{
  "asFragment": [Function],
  "baseElement": <body>
    <div>
      <div
        class="sc-ggWZvA gaRHCm"
        data-testid="modal-delete-product"
      >
        <div
          class="sc-dTvVRJ fkoZpP"
        >
          <button
            class="sc-bRKDuR ctHGpW"
            data-testid="button-close"
            type="button"
          >
            <svg
              fill="none"
              height="16"
              viewBox="0 0 16 16"
              width="16"
              xmlns="http://www.w3.org/2000/svg"
            >
              <path
                d="M14.75 0.75L0.75 14.75M14.75 14.75L0.750001 0.750013"
                stroke="#3C4242"
                stroke-linecap="round"
                stroke-width="1.5"
              />
            </svg>
          </button>
          <img
            alt="test"
            class="sc-lgpSej bYmfoc"
            src="/ProductImages/undefined"
          />
          <div
            class="sc-jwTyAe bkwONk"
          >
            <h3
              class="sc-hjsuWn dFENLr"
            >
              Delete Product test
            </h3>
          </div>
          <div
            class="sc-jJLAfE budLMe"
          >
            <p
              class="sc-hwkwBN lhNppt"
            >
              Brand: testBrand - Price: $testPrice
            </p>
          </div>
          <div
            class="sc-kNOymR havpSz"
          >
            <div
              class="sc-fhHczv dkAZro"
            >
              <button
                class="sc-bRKDuR fhdPXg"
                type="button"
              >
                NO, CANCEL
              </button>
              <button
                class="sc-bRKDuR cjlXUK"
                type="button"
              >
                YES, DELETE
              </button>
            </div>
          </div>
        </div>
      </div>
    </div>
  </body>,
  "container": <div>
    <div
      class="sc-ggWZvA gaRHCm"
      data-testid="modal-delete-product"
    >
      <div
        class="sc-dTvVRJ fkoZpP"
      >
        <button
          class="sc-bRKDuR ctHGpW"
          data-testid="button-close"
          type="button"
        >
          <svg
            fill="none"
            height="16"
            viewBox="0 0 16 16"
            width="16"
            xmlns="http://www.w3.org/2000/svg"
          >
            <path
              d="M14.75 0.75L0.75 14.75M14.75 14.75L0.750001 0.750013"
              stroke="#3C4242"
              stroke-linecap="round"
              stroke-width="1.5"
            />
          </svg>
        </button>
        <img
          alt="test"
          class="sc-lgpSej bYmfoc"
          src="/ProductImages/undefined"
        />
        <div
          class="sc-jwTyAe bkwONk"
        >
          <h3
            class="sc-hjsuWn dFENLr"
          >
            Delete Product test
          </h3>
        </div>
        <div
          class="sc-jJLAfE budLMe"
        >
          <p
            class="sc-hwkwBN lhNppt"
          >
            Brand: testBrand - Price: $testPrice
          </p>
        </div>
        <div
          class="sc-kNOymR havpSz"
        >
          <div
            class="sc-fhHczv dkAZro"
          >
            <button
              class="sc-bRKDuR fhdPXg"
              type="button"
            >
              NO, CANCEL
            </button>
            <button
              class="sc-bRKDuR cjlXUK"
              type="button"
            >
              YES, DELETE
            </button>
          </div>
        </div>
      </div>
    </div>
  </div>,
  "debug": [Function],
  "findAllByAltText": [Function],
  "findAllByDisplayValue": [Function],
  "findAllByLabelText": [Function],
  "findAllByPlaceholderText": [Function],
  "findAllByRole": [Function],
  "findAllByTestId": [Function],
  "findAllByText": [Function],
  "findAllByTitle": [Function],
  "findByAltText": [Function],
  "findByDisplayValue": [Function],
  "findByLabelText": [Function],
  "findByPlaceholderText": [Function],
  "findByRole": [Function],
  "findByTestId": [Function],
  "findByText": [Function],
  "findByTitle": [Function],
  "getAllByAltText": [Function],
  "getAllByDisplayValue": [Function],
  "getAllByLabelText": [Function],
  "getAllByPlaceholderText": [Function],
  "getAllByRole": [Function],
  "getAllByTestId": [Function],
  "getAllByText": [Function],
  "getAllByTitle": [Function],
  "getByAltText": [Function],
  "getByDisplayValue": [Function],
  "getByLabelText": [Function],
  "getByPlaceholderText": [Function],
  "getByRole": [Function],
  "getByTestId": [Function],
  "getByText": [Function],
  "getByTitle": [Function],
  "queryAllByAltText": [Function],
  "queryAllByDisplayValue": [Function],
  "queryAllByLabelText": [Function],
  "queryAllByPlaceholderText": [Function],
  "queryAllByRole": [Function],
  "queryAllByTestId": [Function],
  "queryAllByText": [Function],
  "queryAllByTitle": [Function],
  "queryByAltText": [Function],
  "queryByDisplayValue": [Function],
  "queryByLabelText": [Function],
  "queryByPlaceholderText": [Function],
  "queryByRole": [Function],
  "queryByTestId": [Function],
  "queryByText": [Function],
  "queryByTitle": [Function],
  "rerender": [Function],
  "unmount": [Function],
}
`;
